// Jest Snapshot v1, https://goo.gl/fbAQLP

exports[`GLView Platform.default renders 1`] = `
<View
  onContextCreate={[Function]}
/>
`;
