// Jest Snapshot v1, https://goo.gl/fbAQLP

exports[`GraphicsView Platform.default renders 1`] = `
<View
  style={
    Array [
      Object {
        "flex": 1,
      },
      undefined,
    ]
  }
>
  <View
    nativeRef_EXPERIMENTAL={[Function]}
    onContextCreate={[Function]}
    onLayout={[Function]}
    style={
      Array [
        Object {
          "flex": 1,
        },
        undefined,
      ]
    }
  />
</View>
`;

exports[`GraphicsView Platform.ios renders 1`] = `
<View
  style={
    Array [
      Object {
        "flex": 1,
      },
      undefined,
    ]
  }
>
  <View
    nativeRef_EXPERIMENTAL={[Function]}
    onContextCreate={[Function]}
    onLayout={[Function]}
    style={
      Array [
        Object {
          "flex": 1,
        },
        undefined,
      ]
    }
  />
</View>
`;
